#-----------------------------------------------------------
# Vivado v2025.2.1 (64-bit)
# SW Build 6403652 on Thu Mar 19 19:48:24 GMT 2026
# IP Build 6403511 on Thu Mar 19 12:41:45 MDT 2026
# SharedData Build 6403650 on Thu Mar 19 14:02:13 MDT 2026
# Start of session at: Fri Apr 24 22:10:26 2026
# Process ID         : 39448
# Current directory  : C:/Users/marta/OneDrive/Plocha/vut/DE1/projekt/DE1_projekt/alarm_clock
# Command line       : vivado.exe -gui_launcher_event rodinguilauncherevent7916 C:\Users\marta\OneDrive\Plocha\vut\DE1\projekt\DE1_projekt\alarm_clock\alarm_clock.xpr
# Log file           : C:/Users/marta/OneDrive/Plocha/vut/DE1/projekt/DE1_projekt/alarm_clock/vivado.log
# Journal file       : C:/Users/marta/OneDrive/Plocha/vut/DE1/projekt/DE1_projekt/alarm_clock\vivado.jou
# Running On         : LAPTOP-EG9MLST8
# Platform           : Windows Server 2016 or Windows 10
# Operating System   : 26100
# Processor Detail   : AMD Ryzen 5 5600H with Radeon Graphics         
# CPU Frequency      : 3294 MHz
# CPU Physical cores : 6
# CPU Logical cores  : 12
# Host memory        : 16541 MB
# Swap memory        : 16106 MB
# Total Virtual      : 32648 MB
# Available Virtual  : 13004 MB
#-----------------------------------------------------------
start_gui
open_project C:/Users/marta/OneDrive/Plocha/vut/DE1/projekt/DE1_projekt/alarm_clock/alarm_clock.xpr
update_compile_order -fileset sources_1
reset project
reset_project
